Loading data table...
Loaded data table...
Loading data table...
Loaded data table...
Loading data table...
Loaded data table...
Loading data table...
Loaded data table...
-----------------------------------
Obtaining extensions for...CommonEngines.HashTables.HashArrayList
Found extension matche with passed parameter set.<F-CLCPExtensionParameterMapper.Cancel>=true
-----------------------------------
Obtaining extensions for...CommonEngines.HashTables.HashArrayList
Found extension matche with passed parameter set.<F-CLCPExtensionParameterMapper.Cancel>=true
-----------------------------------
Obtaining extensions for...CommonEngines.HashTables.HashArrayList
Found extension matche with passed parameter set.<F-CLCPExtensionParameterMapper.Cancel>=true
-----------------------------------
Obtaining extensions for...CommonEngines.HashTables.HashArrayList
Found extension matche with passed parameter set.<F-CLCPExtensionParameterMapper.Cancel>=true
-----------------------------------
Obtaining extensions for...CommonEngines.HashTables.HashArrayList
Found extension matche with passed parameter set.<F-CLCPExtensionParameterMapper.Cancel>=true
Loading data table...
Loaded data table...
Loading data table...
Loaded data table...
Loading data table...
Loaded data table...
Loading data table...
Loaded data table...
Loading data table...
Loaded data table...
Loading data table...
Loaded data table...
Loading data table...
Loaded data table...
Loading data table...
Loaded data table...
Loading data table...
Loaded data table...
Loading data table...
Loaded data table...
Loading data table...
Loaded data table...
Loading data table...
Loaded data table...
Loading data table...
Loaded data table...
Loading data table...
Loaded data table...
Loading data table...
Loaded data table...
Loading data table...
Loaded data table...
Loading data table...
Loaded data table...
